============================= test session starts =============================
platform win32 -- Python 3.11.9, pytest-9.0.2, pluggy-1.6.0 -- C:\Users\Prakul Pradyan\AppData\Local\Programs\Python\Python311\python.exe
cachedir: .pytest_cache
rootdir: C:\Users\Prakul Pradyan\OneDrive - Manipal Academy of Higher Education\Desktop\MML Project\MML Project\backend
plugins: anyio-4.13.0
collecting ... collected 0 items / 1 error

=================================== ERRORS ====================================
_____________________ ERROR collecting tests/test_api.py ______________________
ImportError while importing test module 'C:\Users\Prakul Pradyan\OneDrive - Manipal Academy of Higher Education\Desktop\MML Project\MML Project\backend\tests\test_api.py'.
Hint: make sure your test modules/packages have valid Python names.
Traceback:
..\..\..\..\..\AppData\Local\Programs\Python\Python311\Lib\importlib\__init__.py:126: in import_module
    return _bootstrap._gcd_import(name[level:], package, level)
           ^^^^^^^^^^^^^^^^^^^^^^^^^^^^^^^^^^^^^^^^^^^^^^^^^^^^
tests\test_api.py:3: in <module>
    from api import app
E   ModuleNotFoundError: No module named 'api'
=========================== short test summary info ===========================
ERROR tests/test_api.py
!!!!!!!!!!!!!!!!!!! Interrupted: 1 error during collection !!!!!!!!!!!!!!!!!!!!
============================== 1 error in 0.63s ===============================
